// Jest Snapshot v1, https://goo.gl/fbAQLP

exports[`StoreState render snapshot 1`] = `
<div
  data-testid="storeStatePage"
>
  <h2
    className="makeStyles-root-4"
  >
    Store State (undefined)
  </h2>
  <div
    className="makeStyles-sub-5"
    style={
      Object {
        "whiteSpace": "pre-wrap",
      }
    }
  >
    {
    "count": 1,
    "user": {
        "isLoggedIn": true,
        "userDetails": {
            "userName": "Dan Abramov",
            "age": 38
        }
    }
}
  </div>
</div>
`;
